---
source: crates/check_js_analyze/tests/spec_tests.rs
expression: valid-export-default-props-array.vue
---
# Input
```ts
export default {
    props: ['foo']
};

```
