---
source: crates/check_js_analyze/tests/spec_tests.rs
expression: validTypeConstraints.ts
---
# Input
```ts
/* should not generate diagnostics */
function f<T extends any>() {}
```
