---
source: crates/check_plugin_loader/src/lib.rs
expression: content
---
plugin ━━━━━━━━━━━━━━━━━━━━━━━━━━━━━━━━━━━━━━━━━━━━━━━━━━━━━━━━━━━━━━━━━━━━━━━━━━━━━━━━━━━━━━━━━━━━━

  × Failed to resolve the plugin manifest from /my-plugin/check-manifest.jsonc
