---
source: crates/check_js_analyze/tests/spec_tests.rs
expression: valid-type-augmentation.ts
---
# Input
```ts
/* should not generate diagnostics */

// See: https://github.com/checkjs/check/issues/6669

import type {} from "@mui/lab/themeAugmentation";

```
