---
source: crates/check_cli/tests/snap_test.rs
expression: content
---
## `check.json`

```json
{
  "linter": {
    "enabled": false
  },
  "javascript": {
    "globals": [false]
  }
}
```

# Termination Message

```block
configuration ━━━━━━━━━━━━━━━━━━━━━━━━━━━━━━━━━━━━━━━━━━━━━━━━━━━━━━━━━━━━━━━━━━━━━━━━━━━━━━━━━━━━━━

  × Check exited because the configuration resulted in errors. Please fix them.
  


```

# Emitted Messages

```block
check.json:6:17 deserialize ━━━━━━━━━━━━━━━━━━━━━━━━━━━━━━━━━━━━━━━━━━━━━━━━━━━━━━━━━━━━━━━━━━━━━━━━

  × Incorrect type, expected a string, but received a boolean.
  
    4 │   },
    5 │   "javascript": {
  > 6 │     "globals": [false]
      │                 ^^^^^
    7 │   }
    8 │ }
  

```


