error: unexpected end of input
 --> tests/markup/open_element_unfinished_6.rs:2:5
  |
2 | /     check_console::markup! {
3 | |         <Emphasis prop={}
4 | |     }
  | |_____^
  |
  = note: this error originates in the macro `check_console::markup` (in Nightly builds, run with -Z macro-backtrace for more info)
