---
source: crates/check_css_analyze/tests/spec_tests.rs
expression: valid.css
---
# Input
```css
/* should not generate diagnostics */
/* check-ignore assist/source/useSortedProperties: test */
.not-sorted-basic {
	color: red;
	display: block;
}

```
