---
source: crates/check_js_analyze/tests/spec_tests.rs
expression: validCustomStyleUnderscorePrivate.ts
---
# Input
```ts
/* should not generate diagnostics */
class X {
    private _private: number
}
```
