---
source: crates/check_js_analyze/tests/spec_tests.rs
expression: validCustomStyle.ts
---
# Input
```ts
/* should not generate diagnostics */
const aSpecial_CASE = 0;
```
