---
source: crates/check_js_analyze/tests/spec_tests.rs
expression: wellformedSelector.js
snapshot_kind: text
---
# Input
```js
{
	"$schema": "../../../../../../packages/@checkjs/check/configuration_schema.json",
	"linter": {
		"rules": {
			"style": {
				"useNamingConvention": {
					"level": "error",
					"options": {
						"custom": [
							{
								"selector": {
									"kind": "classProperty",
									"modifiers": ["protected", "static", "readonly"]
								},
								"match": ".*"
							}, {
								"selector": {
									"kind": "typeProperty",
									"modifiers": ["readonly"]
								},
								"match": ".*"
							}, {
								"selector": {
									"kind": "variableLike",
									"scope": "global"
								},
								"match": ".*"
							}, {
								"selector": {
									"kind": "typeLike",
									"scope": "global"
								},
								"match": ".*"
							}
						]
					}
				}
			}
		}
	}
}

```
