---
source: crates/check_formatter_test/src/snapshot_builder.rs
info: typescript/prettier-ignore/prettier-ignore-parenthesized-type.ts
---
# Input

```ts
type Foo =
  // prettier-ignore
  (
    aa
  );

```


# Prettier differences

```diff
--- Prettier
+++ Check
@@ -1,3 +1,5 @@
 type Foo =
   // prettier-ignore
-  aa;
+  (
+    aa
+  );
```

# Output

```ts
type Foo =
  // prettier-ignore
  (
    aa
  );
```
