---
source: crates/check_json_analyze/tests/spec_tests.rs
expression: settings.json
---
# Input
```json
{
  "editor.codeActionsOnSave": {
    "source.organizeImports.check": "explicit",
    "quickfix.check": "explicit"
  }
}

```

# Diagnostics
```
settings.json:4:5 lint/suspicious/noQuickfixCheck  FIXABLE  ━━━━━━━━━━━━━━━━━━━━━━━━━━━━━━━━━━━━━━━━

  i The use of quickfix.check is deprecated.
  
    2 │   "editor.codeActionsOnSave": {
    3 │     "source.organizeImports.check": "explicit",
  > 4 │     "quickfix.check": "explicit"
      │     ^^^^^^^^^^^^^^^^
    5 │   }
    6 │ }
  
  i The code action quickfix.check applies the code fix of rules and actions without being aware of each other. This might cause the emission of malformed code, especially if the code fixes are applied to the same lines of code.
  
  i Safe fix: Remove the code action.
  
    1 1 │   {
    2 2 │     "editor.codeActionsOnSave": {
    3   │ - ····"source.organizeImports.check":·"explicit",
    4   │ - ····"quickfix.check":·"explicit"
      3 │ + ····"source.fixAll.check":·"explicit"
    5 4 │     }
    6 5 │   }
  

```
