---
source: crates/check_js_analyze/tests/spec_tests.rs
expression: validUsedBindingPattern.js
---
# Input
```js
/* should not generate diagnostics */
export function f({ a, b = a }) {
	console.info(b);
}

```
