---
source: crates/check_js_analyze/tests/spec_tests.rs
expression: validIssue861.js
---
# Input
```js
/* should not generate diagnostics */
e => e;
```
