---
source: crates/check_service/src/diagnostics.rs
expression: content
---
example.js internalError/fs ━━━━━━━━━━━━━━━━━━━━━━━━━━━━━━━━━━━━━━━━━━━━━━━━━━━━━━━━━━━━━━━━━━━━━━━━

  ! The file example.js was ignored.
