---
source: crates/check_css_analyze/tests/spec_tests.rs
expression: valid.css
---
# Input
```css
/* should not generate diagnostics */
@import 'foo.css';
a {}

```
