---
source: crates/check_cli/tests/snap_test.rs
expression: content
---
# Input messages

```block
{ "name": "test" }
```

# Emitted Messages

```block
{ "name": "test" }
```


