---
source: crates/check_formatter_test/src/snapshot_builder.rs
info: grit/marzano/python.grit
---
# Input

```grit
engine check(0.1)
language python

`$var in $dict.keys()`			=> `$var in $dict`

```


=============================

# Outputs

## Output 1

-----
Indent style: Tab
Indent width: 2
Line ending: LF
Line width: 80
Attribute Position: Auto
-----

```grit
engine check(0.1)
language python

`$var in $dict.keys()` => `$var in $dict`
```
