---
source: crates/check_formatter_test/src/snapshot_builder.rs
info: json/range/issue2297.json
---

# Input

```json
{"a":1, "b":2}

```


# Prettier differences

```diff
--- Prettier
+++ Check
@@ -1 +1 @@
-{ "a": 1, "b": 2 }
+{"a":1, "b":2}
```

# Output

```json
{"a":1, "b":2}
```


