---
source: crates/check_cli/tests/snap_test.rs
expression: redactor(content)
---
# Termination Message

```block
lint ━━━━━━━━━━━━━━━━━━━━━━━━━━━━━━━━━━━━━━━━━━━━━━━━━━━━━━━━━━━━━━━━━━━━━━━━━━━━━━━━━━━━━━━━━━━━━━━

  × No files were processed in the specified paths.
  
  i Check your check.json or check.jsonc to ensure the paths are not ignored by the configuration.
  
  i These paths were provided but ignored:
  
  - <TEMP_DIR>/lint_rome_test_broken_symlink
  


```

# Emitted Messages

```block
broken_symlink internalError/fs ━━━━━━━━━━━━━━━━━━━━━━━━━━━━━━━━━━━━━━━━━━━━━━━━━━━━━━━━━━━━━━━━━━━━

  ! Dereferenced symlink.
  
  i Check encountered a file system entry that is a broken symbolic link.
  

```

```block
Checked 0 files in <TIME>. No fixes applied.
Found 1 warning.
```
