---
source: crates/check_formatter_test/src/snapshot_builder.rs
info: html/prettier_ignore/cases.html
---
# Input

```html
123<!--prettier-ignore-->456

<span></span><!--prettier-ignore--><span></span>

```


# Prettier differences

```diff
--- Prettier
+++ Check
@@ -1,4 +1,3 @@
 123<!--prettier-ignore-->456
 
-<span></span
-><!--prettier-ignore--><span></span>
+<span></span><!--prettier-ignore--><span></span>
```

# Output

```html
123<!--prettier-ignore-->456

<span></span><!--prettier-ignore--><span></span>
```
